#-----------------------------------------------------------
# Vivado v2022.2 (64-bit)
# SW Build 3671981 on Fri Oct 14 04:59:54 MDT 2022
# IP Build 3669848 on Fri Oct 14 08:30:02 MDT 2022
# Start of session at: Wed Nov 29 21:41:04 2023
# Process ID: 135966
# Current directory: /home/antonina/Desktop/fpga_hiwi
# Command line: vivado
# Log file: /home/antonina/Desktop/fpga_hiwi/vivado.log
# Journal file: /home/antonina/Desktop/fpga_hiwi/vivado.jou
# Running On: antonina-PC, OS: Linux, CPU Frequency: 4290.344 MHz, CPU Physical cores: 16, Host memory: 33561 MB
#-----------------------------------------------------------
start_gui
open_project /home/antonina/Desktop/fpga_hiwi/project_2.xpr
update_compile_order -fileset sources_1
set_property SOURCE_SET sources_1 [get_filesets sim_1]
close [ open /home/antonina/Desktop/fpga_hiwi/project_2.srcs/sim_1/new/fixed_lead.vhd w ]
add_files -fileset sim_1 /home/antonina/Desktop/fpga_hiwi/project_2.srcs/sim_1/new/fixed_lead.vhd
update_compile_order -fileset sim_1
export_ip_user_files -of_objects  [get_files /home/antonina/Desktop/fpga_hiwi/project_2.srcs/sources_1/new/fixed_lead.vhd] -no_script -reset -force -quiet
remove_files  /home/antonina/Desktop/fpga_hiwi/project_2.srcs/sources_1/new/fixed_lead.vhd
export_ip_user_files -of_objects  [get_files /home/antonina/Desktop/fpga_hiwi/project_2.srcs/sim_1/new/fixed_lead.vhd] -no_script -reset -force -quiet
remove_files  -fileset sim_1 /home/antonina/Desktop/fpga_hiwi/project_2.srcs/sim_1/new/fixed_lead.vhd
update_compile_order -fileset sources_1
set_property top signed_lead_count_log2 [current_fileset]
update_compile_order -fileset sources_1
launch_simulation
source tb_signed_lead_count_log2.tcl
run 1 us
run 1 us
close_sim
launch_simulation
source tb_signed_lead_count_log2.tcl
relaunch_sim
relaunch_sim
close [ open /home/antonina/Desktop/fpga_hiwi/project_2.srcs/sources_1/new/fixed_lead_frac.vhd w ]
add_files /home/antonina/Desktop/fpga_hiwi/project_2.srcs/sources_1/new/fixed_lead_frac.vhd
update_compile_order -fileset sources_1
close_sim
set_property file_type {VHDL 2008} [get_files  /home/antonina/Desktop/fpga_hiwi/project_2.srcs/sources_1/new/fixed_lead_frac.vhd]
update_compile_order -fileset sources_1
update_compile_order -fileset sources_1
set_property SOURCE_SET sources_1 [get_filesets sim_1]
close [ open /home/antonina/Desktop/fpga_hiwi/project_2.srcs/sim_1/new/tb_fixed_lead_frac.vhd w ]
add_files -fileset sim_1 /home/antonina/Desktop/fpga_hiwi/project_2.srcs/sim_1/new/tb_fixed_lead_frac.vhd
update_compile_order -fileset sim_1
# Disabling source management mode.  This is to allow the top design properties to be set without GUI intervention.
set_property source_mgmt_mode None [current_project]
set_property top tb_fixed_lead_frac [get_filesets sim_1]
set_property top_lib xil_defaultlib [get_filesets sim_1]
# Re-enabling previously disabled source management mode.
set_property source_mgmt_mode All [current_project]
update_compile_order -fileset sim_1
# Disabling source management mode.  This is to allow the top design properties to be set without GUI intervention.
set_property source_mgmt_mode None [current_project]
set_property top fixed_lead_frac [current_fileset]
# Re-enabling previously disabled source management mode.
set_property source_mgmt_mode All [current_project]
update_compile_order -fileset sources_1
launch_simulation
launch_simulation
launch_simulation
launch_simulation
launch_simulation
launch_simulation
launch_simulation
launch_simulation
launch_simulation
launch_simulation
launch_simulation
launch_simulation
launch_simulation
# Disabling source management mode.  This is to allow the top design properties to be set without GUI intervention.
set_property source_mgmt_mode None [current_project]
set_property top tb_signed_lead_count_log2 [get_filesets sim_1]
set_property top_lib xil_defaultlib [get_filesets sim_1]
# Re-enabling previously disabled source management mode.
set_property source_mgmt_mode All [current_project]
# Disabling source management mode.  This is to allow the top design properties to be set without GUI intervention.
set_property source_mgmt_mode None [current_project]
set_property top signed_lead_count_log2 [current_fileset]
# Re-enabling previously disabled source management mode.
set_property source_mgmt_mode All [current_project]
update_compile_order -fileset sim_1
update_compile_order -fileset sources_1
launch_simulation
source tb_signed_lead_count_log2.tcl
close_sim
# Disabling source management mode.  This is to allow the top design properties to be set without GUI intervention.
set_property source_mgmt_mode None [current_project]
set_property top tb_fixed_lead_frac [get_filesets sim_1]
set_property top_lib xil_defaultlib [get_filesets sim_1]
# Re-enabling previously disabled source management mode.
set_property source_mgmt_mode All [current_project]
# Disabling source management mode.  This is to allow the top design properties to be set without GUI intervention.
set_property source_mgmt_mode None [current_project]
set_property top fixed_lead_frac [current_fileset]
# Re-enabling previously disabled source management mode.
set_property source_mgmt_mode All [current_project]
update_compile_order -fileset sim_1
update_compile_order -fileset sources_1
launch_simulation
# Disabling source management mode.  This is to allow the top design properties to be set without GUI intervention.
set_property source_mgmt_mode None [current_project]
set_property top signed_lead_count_log2 [current_fileset]
# Re-enabling previously disabled source management mode.
set_property source_mgmt_mode All [current_project]
# Disabling source management mode.  This is to allow the top design properties to be set without GUI intervention.
set_property source_mgmt_mode None [current_project]
set_property top tb_signed_lead_count_log2 [get_filesets sim_1]
set_property top_lib xil_defaultlib [get_filesets sim_1]
# Re-enabling previously disabled source management mode.
set_property source_mgmt_mode All [current_project]
update_compile_order -fileset sources_1
update_compile_order -fileset sim_1
launch_simulation
source tb_signed_lead_count_log2.tcl
relaunch_sim
relaunch_sim
relaunch_sim
relaunch_sim
close_sim
launch_simulation
source tb_signed_lead_count_log2.tcl
relaunch_sim
update_compile_order -fileset sources_1
set_property source_mgmt_mode DisplayOnly [current_project]
close_sim
launch_simulation
source tb_signed_lead_count_log2.tcl
relaunch_sim
close_sim
launch_simulation
source tb_signed_lead_count_log2.tcl
relaunch_sim
close_sim
launch_simulation
source tb_signed_lead_count_log2.tcl
relaunch_sim
relaunch_sim
relaunch_sim
relaunch_sim
relaunch_sim
close_sim
# Disabling source management mode.  This is to allow the top design properties to be set without GUI intervention.
set_property source_mgmt_mode None [current_project]
set_property top tb_fixed_lead_frac [get_filesets sim_1]
set_property top_lib xil_defaultlib [get_filesets sim_1]
# Re-enabling previously disabled source management mode.
set_property source_mgmt_mode DisplayOnly [current_project]
# Disabling source management mode.  This is to allow the top design properties to be set without GUI intervention.
set_property source_mgmt_mode None [current_project]
set_property top fixed_lead_frac [current_fileset]
# Re-enabling previously disabled source management mode.
set_property source_mgmt_mode DisplayOnly [current_project]
launch_simulation
export_ip_user_files -of_objects  [get_files /home/antonina/Desktop/fpga_hiwi/project_2.srcs/sources_1/new/fixed_pkg.vhd] -no_script -reset -force -quiet
remove_files  /home/antonina/Desktop/fpga_hiwi/project_2.srcs/sources_1/new/fixed_pkg.vhd
export_ip_user_files -of_objects  [get_files /home/antonina/Desktop/fpga_hiwi/project_2.srcs/sources_1/new/bit_shift2_4_8.vhd] -no_script -reset -force -quiet
remove_files  /home/antonina/Desktop/fpga_hiwi/project_2.srcs/sources_1/new/bit_shift2_4_8.vhd
file delete -force /home/antonina/Desktop/fpga_hiwi/project_2.srcs/sources_1/new/bit_shift2_4_8.vhd
export_ip_user_files -of_objects  [get_files /home/antonina/Desktop/fpga_hiwi/project_2.srcs/sources_1/new/bit_shift_multiply.vhd] -no_script -reset -force -quiet
remove_files  /home/antonina/Desktop/fpga_hiwi/project_2.srcs/sources_1/new/bit_shift_multiply.vhd
file delete -force /home/antonina/Desktop/fpga_hiwi/project_2.srcs/sources_1/new/bit_shift_multiply.vhd
export_ip_user_files -of_objects  [get_files /home/antonina/Desktop/fpga_hiwi/project_2.srcs/sim_1/new/tb_bit_shift_2_4_8.vhd] -no_script -reset -force -quiet
remove_files  -fileset sim_1 /home/antonina/Desktop/fpga_hiwi/project_2.srcs/sim_1/new/tb_bit_shift_2_4_8.vhd
file delete -force /home/antonina/Desktop/fpga_hiwi/project_2.srcs/sim_1/new/tb_bit_shift_2_4_8.vhd
export_ip_user_files -of_objects  [get_files /home/antonina/Desktop/fpga_hiwi/project_2.srcs/sim_1/new/tb_bit_shift_multiply.vhd] -no_script -reset -force -quiet
remove_files  -fileset sim_1 /home/antonina/Desktop/fpga_hiwi/project_2.srcs/sim_1/new/tb_bit_shift_multiply.vhd
file delete -force /home/antonina/Desktop/fpga_hiwi/project_2.srcs/sim_1/new/tb_bit_shift_multiply.vhd
close [ open /home/antonina/Desktop/fpga_hiwi/project_2.srcs/sources_1/new/fraction.vhd w ]
add_files /home/antonina/Desktop/fpga_hiwi/project_2.srcs/sources_1/new/fraction.vhd
set_property file_type {VHDL 2008} [get_files  /home/antonina/Desktop/fpga_hiwi/project_2.srcs/sources_1/new/fraction.vhd]
set_property file_type {VHDL 2008} [get_files  /home/antonina/Desktop/fpga_hiwi/project_2.srcs/sim_1/new/tb_fixed_lead_frac.vhd]
launch_simulation
source tb_fixed_lead_frac.tcl
export_ip_user_files -of_objects  [get_files /home/antonina/Desktop/fpga_hiwi/project_2.srcs/sources_1/new/fraction.vhd] -no_script -reset -force -quiet
remove_files  /home/antonina/Desktop/fpga_hiwi/project_2.srcs/sources_1/new/fraction.vhd
file delete -force /home/antonina/Desktop/fpga_hiwi/project_2.srcs/sources_1/new/fraction.vhd
close_sim
launch_simulation
source tb_fixed_lead_frac.tcl
relaunch_sim
close_sim
launch_simulation
source tb_fixed_lead_frac.tcl
relaunch_sim
relaunch_sim
relaunch_sim
relaunch_sim
relaunch_sim
relaunch_sim
relaunch_sim
relaunch_sim
relaunch_sim
relaunch_sim
relaunch_sim
relaunch_sim
# Disabling source management mode.  This is to allow the top design properties to be set without GUI intervention.
set_property source_mgmt_mode None [current_project]
set_property top tb_signed_lead_count_log2 [get_filesets sim_1]
set_property top_lib xil_defaultlib [get_filesets sim_1]
# Re-enabling previously disabled source management mode.
set_property source_mgmt_mode DisplayOnly [current_project]
launch_simulation
source tb_signed_lead_count_log2.tcl
close_sim
close_sim
# Disabling source management mode.  This is to allow the top design properties to be set without GUI intervention.
set_property source_mgmt_mode None [current_project]
set_property top tb_fixed_lead_frac [get_filesets sim_1]
set_property top_lib xil_defaultlib [get_filesets sim_1]
# Re-enabling previously disabled source management mode.
set_property source_mgmt_mode DisplayOnly [current_project]
launch_simulation
source tb_fixed_lead_frac.tcl
close_sim
